550977225
133681732
